 LoaderDemoExe

 Timestamp is 5321146c (Thu Mar 13 10:14:04 2014)

 Preferred load address is 00400000

 Start         Length     Name                   Class
 0001:00000000 00010000H .textbss                DATA
 0002:00000000 000052aaH .text                   CODE
 0003:00000000 00000104H .CRT$XCA                DATA
 0003:00000104 00000104H .CRT$XCAA               DATA
 0003:00000208 00000104H .CRT$XCZ                DATA
 0003:0000030c 00000104H .CRT$XIA                DATA
 0003:00000410 00000104H .CRT$XIAA               DATA
 0003:00000514 00000104H .CRT$XIY                DATA
 0003:00000618 00000104H .CRT$XIZ                DATA
 0003:00000720 00000ca6H .rdata                  DATA
 0003:000013c8 00000192H .rdata$debug            DATA
 0003:0000155c 00000104H .rtc$IAA                DATA
 0003:00001660 00000109H .rtc$IMZ                DATA
 0003:0000176c 00000104H .rtc$IZZ                DATA
 0003:00001870 00000104H .rtc$TAA                DATA
 0003:00001974 00000109H .rtc$TMZ                DATA
 0003:00001a80 00000104H .rtc$TZZ                DATA
 0003:00001b88 000001b1H .xdata$x                DATA
 0003:00001d39 00000000H .edata                  DATA
 0004:00000000 0000013dH .data                   DATA
 0004:00000140 00000458H .bss                    DATA
 0005:00000000 0000003cH .idata$2                DATA
 0005:0000003c 00000014H .idata$3                DATA
 0005:00000050 000001c4H .idata$4                DATA
 0005:00000214 000001c4H .idata$5                DATA
 0005:000003d8 00000618H .idata$6                DATA
 0006:00000000 00000169H .rsrc$01                DATA
 0006:00000170 00000a99H .rsrc$02                DATA

  Address         Publics by Value              Rva+Base       Lib:Object

 0000:00000000       ___safe_se_handler_count   00000000     <absolute>
 0000:00000000       ___safe_se_handler_table   00000000     <absolute>
 0000:00000000       ___ImageBase               00400000     <linker-defined>
 0001:00000000       __enc$textbss$begin        00401000     <linker-defined>
 0001:00010000       __enc$textbss$end          00411000     <linker-defined>
 0002:000004e0       _wmain                     004114e0 f   LoaderDemoExe.obj
 0002:000007e0       ?StringCchPrintfW@@YAJPA_WIPB_WZZ 004117e0 f i LoaderDemoExe.obj
 0002:00000af0       _MemModuleHelper@20        00411af0 f   mmLoader.obj
 0002:00000ba0       _LoadMemModule@12          00411ba0 f   mmLoader.obj
 0002:00000d50       _FreeMemModule@4           00411d50 f   mmLoader.obj
 0002:00000dc0       _GetMemModuleProc@8        00411dc0 f   mmLoader.obj
 0002:00000e30       _OpenAndMapView            00411e30 f   mmLoader.obj
 0002:00001030       _ReleaseRawFileResource    00412030 f   mmLoader.obj
 0002:00001140       _IsValidPEFormat           00412140 f   mmLoader.obj
 0002:00001250       _MapMemModule              00412250 f   mmLoader.obj
 0002:00001680       _RelocateMemModule         00412680 f   mmLoader.obj
 0002:00001810       _ResolveImports            00412810 f   mmLoader.obj
 0002:00001a70       _CallModuleEntry           00412a70 f   mmLoader.obj
 0002:00001b20       _GetExportedProcAddress    00412b20 f   mmLoader.obj
 0002:00001c80       _UnmapMemModule            00412c80 f   mmLoader.obj
 0002:00001d70       _Dw_strlenA                00412d70 f   mmLoader.obj
 0002:00001de0       _Dw_strcmpA                00412de0 f   mmLoader.obj
 0002:00001e80       _Dw_strcpyW                00412e80 f   mmLoader.obj
 0002:00001f0a       _Dw_memset                 00412f0a f   mmLoader.obj
 0002:00001f70       _Dw_memmove                00412f70 f   mmLoader.obj
 0002:00002060       ?InitCrc32Table@@YAXPAI@Z  00413060 f   mmLoader.obj
 0002:00002120       _GetCrc32                  00413120 f   mmLoader.obj
 0002:0000223c       _VirtualFree@12            0041323c f   kernel32:KERNEL32.dll
 0002:00002242       _VirtualAlloc@16           00413242 f   kernel32:KERNEL32.dll
 0002:00002248       _GetProcAddress@8          00413248 f   kernel32:KERNEL32.dll
 0002:0000224e       _LoadLibraryA@4            0041324e f   kernel32:KERNEL32.dll
 0002:00002254       _GetModuleHandleA@4        00413254 f   kernel32:KERNEL32.dll
 0002:0000225a       _CloseHandle@4             0041325a f   kernel32:KERNEL32.dll
 0002:00002260       _UnmapViewOfFile@4         00413260 f   kernel32:KERNEL32.dll
 0002:00002266       _MapViewOfFile@20          00413266 f   kernel32:KERNEL32.dll
 0002:0000226c       _CreateFileMappingW@24     0041326c f   kernel32:KERNEL32.dll
 0002:00002272       _GetFileSize@8             00413272 f   kernel32:KERNEL32.dll
 0002:00002278       _CreateFileW@28            00413278 f   kernel32:KERNEL32.dll
 0002:0000227e       _MessageBoxW@16            0041327e f   user32:USER32.dll
 0002:00002284       _memset                    00413284 f   MSVCRTD:MSVCR90D.dll
 0002:00002290       @__security_check_cookie@4 00413290 f   MSVCRTD:secchk.obj
 0002:000022b0       __RTC_CheckEsp             004132b0 f   MSVCRTD:_stack_.obj
 0002:000022e0       @_RTC_CheckStackVars@8     004132e0 f   MSVCRTD:_stack_.obj
 0002:00002360       @_RTC_AllocaHelper@12      00413360 f   MSVCRTD:_stack_.obj
 0002:000023a0       @_RTC_CheckStackVars2@12   004133a0 f   MSVCRTD:_stack_.obj
 0002:000024b0       __RTC_InitBase             004134b0 f   MSVCRTD:_init_.obj
 0002:000024f0       __RTC_Shutdown             004134f0 f   MSVCRTD:_init_.obj
 0002:00002508       __vsnwprintf               00413508 f   MSVCRTD:MSVCR90D.dll
 0002:00002650       _wmainCRTStartup           00413650 f   MSVCRTD:wcrtexe.obj
 0002:00002950       _NtCurrentTeb              00413950 f i MSVCRTD:wcrtexe.obj
 0002:00002a40       ___report_gsfailure        00413a40 f   MSVCRTD:gs_report.obj
 0002:00002ba0       _DebuggerKnownHandle       00413ba0 f   MSVCRTD:_error_.obj
 0002:00002c80       ?_RTC_Failure@@YAXPAXH@Z   00413c80 f   MSVCRTD:_error_.obj
 0002:00003050       ?_RTC_StackFailure@@YAXPAXPBD@Z 00414050 f   MSVCRTD:_error_.obj
 0002:00003190       ?_RTC_AllocaFailure@@YAXPAXPAU_RTC_ALLOCA_NODE@@H@Z 00414190 f   MSVCRTD:_error_.obj
 0002:000033a0       __RTC_UninitUse            004143a0 f   MSVCRTD:_error_.obj
 0002:000034d0       __RTC_NumErrors            004144d0 f   MSVCRTD:_userapi_.obj
 0002:000034e0       __RTC_GetErrDesc           004144e0 f   MSVCRTD:_userapi_.obj
 0002:00003500       __RTC_SetErrorType         00414500 f   MSVCRTD:_userapi_.obj
 0002:00003530       __RTC_SetErrorFunc         00414530 f   MSVCRTD:_userapi_.obj
 0002:00003560       __RTC_SetErrorFuncW        00414560 f   MSVCRTD:_userapi_.obj
 0002:00003590       ?_RTC_GetErrorFunc@@YAP6AHHPBDH00ZZPBX@Z 00414590 f   MSVCRTD:_userapi_.obj
 0002:000035a0       ?_RTC_GetErrorFuncW@@YAP6AHHPB_WH00ZZPBX@Z 004145a0 f   MSVCRTD:_userapi_.obj
 0002:000035a6       __CRT_RTC_INITW            004145a6 f   MSVCRTD:MSVCR90D.dll
 0002:000035b0       ?__CxxUnhandledExceptionFilter@@YGJPAU_EXCEPTION_POINTERS@@@Z 004145b0 f   MSVCRTD:unhandld.obj
 0002:00003630       ___CxxSetUnhandledExceptionFilter 00414630 f   MSVCRTD:unhandld.obj
 0002:0000364a       __configthreadlocale       0041464a f   MSVCRTD:MSVCR90D.dll
 0002:00003650       __setdefaultprecision      00414650 f   MSVCRTD:fp8.obj
 0002:000036a0       __invoke_watson_if_error   004146a0 f i MSVCRTD:fp8.obj
 0002:000036d6       ___setusermatherr          004146d6 f   MSVCRTD:MSVCR90D.dll
 0002:000036e0       __matherr                  004146e0 f   MSVCRTD:merr.obj
 0002:000036f0       __wsetargv                 004146f0 f   MSVCRTD:wdllargv.obj
 0002:00003700       __RTC_Initialize           00414700 f   MSVCRTD:_initsect_.obj
 0002:00003730       __RTC_Terminate            00414730 f   MSVCRTD:_initsect_.obj
 0002:00003760       ___p__commode              00414760 f   MSVCRTD:MSVCR90D.dll
 0002:00003766       ___p__fmode                00414766 f   MSVCRTD:MSVCR90D.dll
 0002:00003770       __onexit                   00414770 f   MSVCRTD:atonexit.obj
 0002:000038c0       _atexit                    004148c0 f   MSVCRTD:atonexit.obj
 0002:000038e4       __encode_pointer           004148e4 f   MSVCRTD:MSVCR90D.dll
 0002:000038ea       ___set_app_type            004148ea f   MSVCRTD:MSVCR90D.dll
 0002:000038f0       __amsg_exit                004148f0 f   MSVCRTD:MSVCR90D.dll
 0002:000038f6       ___wgetmainargs            004148f6 f   MSVCRTD:MSVCR90D.dll
 0002:00003900       ___security_init_cookie    00414900 f   MSVCRTD:gs_support.obj
 0002:00003a12       __exit                     00414a12 f   MSVCRTD:MSVCR90D.dll
 0002:00003a18       __XcptFilter               00414a18 f   MSVCRTD:MSVCR90D.dll
 0002:00003a1e       __cexit                    00414a1e f   MSVCRTD:MSVCR90D.dll
 0002:00003a24       _exit                      00414a24 f   MSVCRTD:MSVCR90D.dll
 0002:00003a2a       __CrtSetCheckCount         00414a2a f   MSVCRTD:MSVCR90D.dll
 0002:00003a30       __ValidateImageBase        00414a30 f   MSVCRTD:pesect.obj
 0002:00003ab0       __FindPESection            00414ab0 f   MSVCRTD:pesect.obj
 0002:00003b50       __IsNonwritableInCurrentImage 00414b50 f   MSVCRTD:pesect.obj
 0002:00003ca6       __CrtDbgReportW            00414ca6 f   MSVCRTD:MSVCR90D.dll
 0002:00003cac       __initterm                 00414cac f   MSVCRTD:MSVCR90D.dll
 0002:00003cb2       __initterm_e               00414cb2 f   MSVCRTD:MSVCR90D.dll
 0002:00003cc0       __except_handler4          00414cc0 f   MSVCRTD:chandler4gs.obj
 0002:00003cf4       __crt_debugger_hook        00414cf4 f   MSVCRTD:MSVCR90D.dll
 0002:00003d00       ?_RTC_GetSrcLine@@YAHPAEPA_WKPAH1K@Z 00414d00 f   MSVCRTD:_pdblkup_.obj
 0002:000042bc       ?terminate@@YAXXZ          004152bc f   MSVCRTD:MSVCR90D.dll
 0002:000042c2       __controlfp_s              004152c2 f   MSVCRTD:MSVCR90D.dll
 0002:000042c8       __invoke_watson            004152c8 f   MSVCRTD:MSVCR90D.dll
 0002:000042ce       __unlock                   004152ce f   MSVCRTD:MSVCR90D.dll
 0002:000042d4       ___dllonexit               004152d4 f   MSVCRTD:MSVCR90D.dll
 0002:000042da       __lock                     004152da f   MSVCRTD:MSVCR90D.dll
 0002:000042e0       __decode_pointer           004152e0 f   MSVCRTD:MSVCR90D.dll
 0002:000042e6       __except_handler4_common   004152e6 f   MSVCRTD:MSVCR90D.dll
 0002:000042ec       _InterlockedExchange@8     004152ec f   kernel32:KERNEL32.dll
 0002:000042f2       _Sleep@4                   004152f2 f   kernel32:KERNEL32.dll
 0002:000042f8       _InterlockedCompareExchange@12 004152f8 f   kernel32:KERNEL32.dll
 0002:000042fe       _TerminateProcess@8        004152fe f   kernel32:KERNEL32.dll
 0002:00004304       _GetCurrentProcess@0       00415304 f   kernel32:KERNEL32.dll
 0002:0000430a       _UnhandledExceptionFilter@4 0041530a f   kernel32:KERNEL32.dll
 0002:00004310       _SetUnhandledExceptionFilter@4 00415310 f   kernel32:KERNEL32.dll
 0002:00004316       _IsDebuggerPresent@0       00415316 f   kernel32:KERNEL32.dll
 0002:0000431c       _RaiseException@16         0041531c f   kernel32:KERNEL32.dll
 0002:00004322       _DebugBreak@0              00415322 f   kernel32:KERNEL32.dll
 0002:00004328       _WideCharToMultiByte@32    00415328 f   kernel32:KERNEL32.dll
 0002:0000432e       _MultiByteToWideChar@24    0041532e f   kernel32:KERNEL32.dll
 0002:00004334       _lstrlenA@4                00415334 f   kernel32:KERNEL32.dll
 0002:0000433a       _QueryPerformanceCounter@4 0041533a f   kernel32:KERNEL32.dll
 0002:00004340       _GetTickCount@0            00415340 f   kernel32:KERNEL32.dll
 0002:00004346       _GetCurrentThreadId@0      00415346 f   kernel32:KERNEL32.dll
 0002:0000434c       _GetCurrentProcessId@0     0041534c f   kernel32:KERNEL32.dll
 0002:00004352       _GetSystemTimeAsFileTime@4 00415352 f   kernel32:KERNEL32.dll
 0002:00004358       _HeapFree@12               00415358 f   kernel32:KERNEL32.dll
 0002:0000435e       _HeapAlloc@12              0041535e f   kernel32:KERNEL32.dll
 0002:00004364       _GetProcessHeap@0          00415364 f   kernel32:KERNEL32.dll
 0002:0000436a       _GetModuleFileNameW@12     0041536a f   kernel32:KERNEL32.dll
 0002:00004370       _VirtualQuery@12           00415370 f   kernel32:KERNEL32.dll
 0002:00004376       _FreeLibrary@4             00415376 f   kernel32:KERNEL32.dll
 0003:00000000       ___xc_a                    00417000     MSVCRTD:cinitexe.obj
 0003:00000208       ___xc_z                    00417208     MSVCRTD:cinitexe.obj
 0003:0000030c       ___xi_a                    0041730c     MSVCRTD:cinitexe.obj
 0003:00000618       ___xi_z                    00417618     MSVCRTD:cinitexe.obj
 0003:0000073c       ??_C@_08ODKLAGBA@SetCDfmt?$AA@ 0041773c     LoaderDemoExe.obj
 0003:00000748       ??_C@_1DK@EILEDNFN@?$AAA?$AAd?$AAd?$AAr?$AAe?$AAs?$AAs?$AA?5?$AAo?$AAf?$AA?5?$AAS?$AAh?$AAo?$AAw?$AAL?$AAa?$AAs?$AAt?$AAE?$AAr?$AAr?$AAo?$AAr?$AA?3?$AA?5?$AA?$CF?$AAp?$AA?$AA@ 00417748     LoaderDemoExe.obj
 0003:00000790       ??_C@_1CA@NMBBCHPK@?$AAF?$AA?3?$AA?2?$AAR?$AAt?$AAl?$AAE?$AAx?$AAU?$AAp?$AAd?$AA?4?$AAd?$AAl?$AAl?$AA?$AA@ 00417790     LoaderDemoExe.obj
 0003:000007b8       ??_C@_1CI@FCBOMMD@?$AAE?$AAx?$AAe?$AA?5?$AAW?$AAi?$AAt?$AAh?$AAo?$AAu?$AA?5?$AAC?$AAR?$AAT?$AA?5?$AAl?$AAi?$AAb?$AA?4?$AA?$AA@ 004177b8     LoaderDemoExe.obj
 0003:000007e8       ??_C@_15PMCGDJNJ@?$AAO?$AAK?$AA?$AA@ 004177e8     LoaderDemoExe.obj
 0003:000007f0       ??_C@_1GA@EHAKPACL@?$AAf?$AA?3?$AA?2?$AAd?$AAd?$AA?2?$AAv?$AAc?$AAt?$AAo?$AAo?$AAl?$AAs?$AA?2?$AAc?$AAr?$AAt?$AA_?$AAb?$AAl?$AAd?$AA?2?$AAs?$AAe?$AAl?$AAf?$AA_?$AAx?$AA8?$AA6?$AA?2?$AAc@ 004177f0     MSVCRTD:wcrtexe.obj
 0003:00000868       ??_C@_1FA@DALEHHGL@?$AA_?$AA_?$AAn?$AAa?$AAt?$AAi?$AAv?$AAe?$AA_?$AAs?$AAt?$AAa?$AAr?$AAt?$AAu?$AAp?$AA_?$AAs?$AAt?$AAa?$AAt?$AAe?$AA?5?$AA?$DN?$AA?$DN?$AA?5?$AA_?$AA_?$AAi?$AAn?$AAi?$AAt@ 00417868     MSVCRTD:wcrtexe.obj
 0003:000008d4       ??_C@_0BO@GNIAFIKK@Unknown?5Runtime?5Check?5Error?6?$AN?$AA@ 004178d4     MSVCRTD:_error_.obj
 0003:000008f8       ??_C@_0CM@NGINOKPC@Stack?5memory?5around?5_alloca?5was?5@ 004178f8     MSVCRTD:_error_.obj
 0003:0000092c       ??_C@_0DG@HKJMLLLP@A?5local?5variable?5was?5used?5before@ 0041792c     MSVCRTD:_error_.obj
 0003:0000096c       ??_C@_0BN@FFOINMNJ@Stack?5memory?5was?5corrupted?6?$AN?$AA@ 0041796c     MSVCRTD:_error_.obj
 0003:00000990       ??_C@_0BBN@GPMLNJCF@A?5cast?5to?5a?5smaller?5data?5type?5ha@ 00417990     MSVCRTD:_error_.obj
 0003:00000ae8       ??_C@_0NN@NGPKDKPD@The?5value?5of?5ESP?5was?5not?5properl@ 00417ae8     MSVCRTD:_error_.obj
 0003:00000cb0       ??_C@_0CA@IODNCDPG@Run?9Time?5Check?5Failure?5?$CD?$CFd?5?9?5?$CFs?$AA@ 00417cb0     MSVCRTD:_error_.obj
 0003:00000cd8       ??_C@_0BE@GNBOBNCK@Unknown?5Module?5Name?$AA@ 00417cd8     MSVCRTD:_error_.obj
 0003:00000cf0       ??_C@_0BB@PFFGGCJP@Unknown?5Filename?$AA@ 00417cf0     MSVCRTD:_error_.obj
 0003:00000d08       ??_C@_1EA@NFKNIFJP@?$AAR?$AAu?$AAn?$AA?9?$AAT?$AAi?$AAm?$AAe?$AA?5?$AAC?$AAh?$AAe?$AAc?$AAk?$AA?5?$AAF?$AAa?$AAi?$AAl?$AAu?$AAr?$AAe?$AA?5?$AA?$CD?$AA?$CF?$AAd?$AA?5?$AA?9?$AA?5?$AA?$CF?$AAs?$AA?$AA@ 00417d08     MSVCRTD:_error_.obj
 0003:00000d58       ??_C@_1GM@OLMCBDMB@?$AAR?$AAu?$AAn?$AAt?$AAi?$AAm?$AAe?$AA?5?$AAC?$AAh?$AAe?$AAc?$AAk?$AA?5?$AAE?$AAr?$AAr?$AAo?$AAr?$AA?4?$AA?6?$AA?$AN?$AA?5?$AAU?$AAn?$AAa?$AAb?$AAl?$AAe?$AA?5?$AAt?$AAo@ 00417d58     MSVCRTD:_error_.obj
 0003:00000ddc       ??_C@_0CG@IAFNJNEE@Stack?5corrupted?5near?5unknown?5var@ 00417ddc     MSVCRTD:_error_.obj
 0003:00000e10       ??_C@_0EJ@LJKNEOLN@Stack?5area?5around?5_alloca?5memory@ 00417e10     MSVCRTD:_error_.obj
 0003:00000e68       ??_C@_08KJEDNCKC@?$CFs?$CFs?$CFs?$CFs?$AA@ 00417e68     MSVCRTD:_error_.obj
 0003:00000e74       ??_C@_02LLMPMKNF@?$DO?5?$AA@ 00417e74     MSVCRTD:_error_.obj
 0003:00000e78       ??_C@_01EEMJAFIK@?6?$AA@   00417e78     MSVCRTD:_error_.obj
 0003:00000e7c       ??_C@_0BC@KIBAILCI@?$CFs?$CFs?$CFp?$CFs?$CFld?$CFs?$CFd?$CFs?$AA@ 00417e7c     MSVCRTD:_error_.obj
 0003:00000e98       ??_C@_0EI@CLEPFNGI@Stack?5area?5around?5_alloca?5memory@ 00417e98     MSVCRTD:_error_.obj
 0003:00000ef0       ??_C@_0N@MHFFIMFG@?6Address?3?50x?$AA@ 00417ef0     MSVCRTD:_error_.obj
 0003:00000f00       ??_C@_07DFDJCKFN@?6Size?3?5?$AA@ 00417f00     MSVCRTD:_error_.obj
 0003:00000f0c       ??_C@_0CK@DKGBICFE@?6Allocation?5number?5within?5this?5f@ 00417f0c     MSVCRTD:_error_.obj
 0003:00000f40       ??_C@_08OMAHNMHJ@?6Data?3?5?$DM?$AA@ 00417f40     MSVCRTD:_error_.obj
 0003:00000f4c       ??_C@_09FOPFMPEJ@wsprintfA?$AA@ 00417f4c     MSVCRTD:_error_.obj
 0003:00000f58       ??_C@_0L@GMPLCCII@user32?4dll?$AA@ 00417f58     MSVCRTD:_error_.obj
 0003:00000f68       ??_C@_05MKKEDADM@?$CF?42X?5?$AA@ 00417f68     MSVCRTD:_error_.obj
 0003:00000f70       ??_C@_0DE@OHJBPMBP@A?5variable?5is?5being?5used?5without@ 00417f70     MSVCRTD:_error_.obj
 0003:00000fb0       ??_C@_0BP@OGBCLIBO@Stack?5around?5_alloca?5corrupted?$AA@ 00417fb0     MSVCRTD:_userapi_.obj
 0003:00000fd8       ??_C@_0CK@CNLNOEPB@Local?5variable?5used?5before?5initi@ 00417fd8     MSVCRTD:_userapi_.obj
 0003:0000100c       ??_C@_0BI@CIGMDCBH@Stack?5memory?5corruption?$AA@ 0041800c     MSVCRTD:_userapi_.obj
 0003:00001028       ??_C@_0CK@FEGOIOPB@Cast?5to?5smaller?5type?5causing?5los@ 00418028     MSVCRTD:_userapi_.obj
 0003:0000105c       ??_C@_0BJ@HEGAHDFO@Stack?5pointer?5corruption?$AA@ 0041805c     MSVCRTD:_userapi_.obj
 0003:00001094       ?ProcessDetach@NativeDll@<CrtImplementationDetails>@@0IB 00418094     MSVCRTD:unhandld.obj
 0003:00001098       ?ProcessAttach@NativeDll@<CrtImplementationDetails>@@0IB 00418098     MSVCRTD:unhandld.obj
 0003:0000109c       ?ThreadAttach@NativeDll@<CrtImplementationDetails>@@0IB 0041809c     MSVCRTD:unhandld.obj
 0003:000010a0       ?ThreadDetach@NativeDll@<CrtImplementationDetails>@@0IB 004180a0     MSVCRTD:unhandld.obj
 0003:000010a4       ?ProcessVerifier@NativeDll@<CrtImplementationDetails>@@0IB 004180a4     MSVCRTD:unhandld.obj
 0003:000010a8       ??_C@_1GE@KOCFNGPB@?$AA_?$AAc?$AAo?$AAn?$AAt?$AAr?$AAo?$AAl?$AAf?$AAp?$AA_?$AAs?$AA?$CI?$AA?$CI?$AA?$CI?$AAv?$AAo?$AAi?$AAd?$AA?5?$AA?$CK?$AA?$CJ?$AA0?$AA?$CJ?$AA?0?$AA?5?$AA0?$AAx?$AA0?$AA0?$AA0?$AA1@ 004180a8     MSVCRTD:fp8.obj
 0003:00001120       ??_C@_1CK@JMKHCBEI@?$AA_?$AAs?$AAe?$AAt?$AAd?$AAe?$AAf?$AAa?$AAu?$AAl?$AAt?$AAp?$AAr?$AAe?$AAc?$AAi?$AAs?$AAi?$AAo?$AAn?$AA?$AA@ 00418120     MSVCRTD:fp8.obj
 0003:00001158       ??_C@_1GG@PHGJJHBC@?$AAf?$AA?3?$AA?2?$AAd?$AAd?$AA?2?$AAv?$AAc?$AAt?$AAo?$AAo?$AAl?$AAs?$AA?2?$AAc?$AAr?$AAt?$AA_?$AAb?$AAl?$AAd?$AA?2?$AAs?$AAe?$AAl?$AAf?$AA_?$AAx?$AA8?$AA6?$AA?2?$AAc@ 00418158     MSVCRTD:fp8.obj
 0003:000011d4       ??_C@_0M@EKFFODEC@MSPDB80?4DLL?$AA@ 004181d4     MSVCRTD:_pdblkup_.obj
 0003:000011e4       ??_C@_01KDCPPGHE@r?$AA@    004181e4     MSVCRTD:_pdblkup_.obj
 0003:000011e8       ??_C@_0BB@KCIACLNC@PDBOpenValidate5?$AA@ 004181e8     MSVCRTD:_pdblkup_.obj
 0003:000011fc       ??_C@_0BF@BMIHBHCA@EnvironmentDirectory?$AA@ 004181fc     MSVCRTD:_pdblkup_.obj
 0003:00001218       ??_C@_0CN@JNNIHDGH@SOFTWARE?2Microsoft?2VisualStudio?2@ 00418218     MSVCRTD:_pdblkup_.obj
 0003:00001250       ??_C@_0M@HLOHPNFA@RegCloseKey?$AA@ 00418250     MSVCRTD:_pdblkup_.obj
 0003:00001260       ??_C@_0BB@HHEIPGME@RegQueryValueExA?$AA@ 00418260     MSVCRTD:_pdblkup_.obj
 0003:00001274       ??_C@_0O@DCOGKJGG@RegOpenKeyExA?$AA@ 00418274     MSVCRTD:_pdblkup_.obj
 0003:00001284       ??_C@_0N@JJPEKNFO@ADVAPI32?4DLL?$AA@ 00418284     MSVCRTD:_pdblkup_.obj
 0003:0000155c       ___rtc_iaa                 0041855c     MSVCRTD:_initsect_.obj
 0003:0000176c       ___rtc_izz                 0041876c     MSVCRTD:_initsect_.obj
 0003:00001870       ___rtc_taa                 00418870     MSVCRTD:_initsect_.obj
 0003:00001a80       ___rtc_tzz                 00418a80     MSVCRTD:_initsect_.obj
 0004:00000000       ___security_cookie         00419000     MSVCRTD:gs_cookie.obj
 0004:00000004       ___security_cookie_complement 00419004     MSVCRTD:gs_cookie.obj
 0004:00000008       ?_RTC_ErrorLevels@@3PAHA   00419008     MSVCRTD:_error_.obj
 0004:00000020       ___globallocalestatus      00419020     MSVCRTD:xthdloc.obj
 0004:00000024       ___defaultmatherr          00419024     MSVCRTD:merr.obj
 0004:00000028       ___native_dllmain_reason   00419028     MSVCRTD:natstart.obj
 0004:0000002c       ___native_vcclrit_reason   0041902c     MSVCRTD:natstart.obj
 0004:00000534       ?wsprintffp@@3P6AHPADPBDZZA 00419534     MSVCRTD:_error_.obj
 0004:00000544       __commode                  00419544     MSVCRTD:xncommod.obj
 0004:00000548       __fmode                    00419548     MSVCRTD:xtxtmode.obj
 0004:0000054c       __dowildcard               0041954c     MSVCRTD:wildcard.obj
 0004:00000550       __newmode                  00419550     MSVCRTD:_newmode.obj
 0004:00000560       ___native_startup_state    00419560     <common>
 0004:00000570       ___native_startup_lock     00419570     <common>
 0004:00000574       ___onexitend               00419574     <common>
 0004:00000584       ___onexitbegin             00419584     <common>
 0004:00000588       __adjust_fdiv              00419588     <common>
 0004:00000594       ___dyn_tls_init_callback   00419594     <common>
 0005:00000000       __IMPORT_DESCRIPTOR_KERNEL32 0041a000     kernel32:KERNEL32.dll
 0005:00000014       __IMPORT_DESCRIPTOR_USER32 0041a014     user32:USER32.dll
 0005:00000028       __IMPORT_DESCRIPTOR_MSVCR90D 0041a028     MSVCRTD:MSVCR90D.dll
 0005:0000003c       __NULL_IMPORT_DESCRIPTOR   0041a03c     kernel32:KERNEL32.dll
 0005:00000214       __imp__VirtualFree@12      0041a214     kernel32:KERNEL32.dll
 0005:00000218       __imp__VirtualAlloc@16     0041a218     kernel32:KERNEL32.dll
 0005:0000021c       __imp__GetProcAddress@8    0041a21c     kernel32:KERNEL32.dll
 0005:00000220       __imp__LoadLibraryA@4      0041a220     kernel32:KERNEL32.dll
 0005:00000224       __imp__GetModuleHandleA@4  0041a224     kernel32:KERNEL32.dll
 0005:00000228       __imp__CloseHandle@4       0041a228     kernel32:KERNEL32.dll
 0005:0000022c       __imp__UnmapViewOfFile@4   0041a22c     kernel32:KERNEL32.dll
 0005:00000230       __imp__MapViewOfFile@20    0041a230     kernel32:KERNEL32.dll
 0005:00000234       __imp__CreateFileMappingW@24 0041a234     kernel32:KERNEL32.dll
 0005:00000238       __imp__GetFileSize@8       0041a238     kernel32:KERNEL32.dll
 0005:0000023c       __imp__CreateFileW@28      0041a23c     kernel32:KERNEL32.dll
 0005:00000240       __imp__VirtualQuery@12     0041a240     kernel32:KERNEL32.dll
 0005:00000244       __imp__GetModuleFileNameW@12 0041a244     kernel32:KERNEL32.dll
 0005:00000248       __imp__GetProcessHeap@0    0041a248     kernel32:KERNEL32.dll
 0005:0000024c       __imp__HeapAlloc@12        0041a24c     kernel32:KERNEL32.dll
 0005:00000250       __imp__HeapFree@12         0041a250     kernel32:KERNEL32.dll
 0005:00000254       __imp__GetSystemTimeAsFileTime@4 0041a254     kernel32:KERNEL32.dll
 0005:00000258       __imp__GetCurrentProcessId@0 0041a258     kernel32:KERNEL32.dll
 0005:0000025c       __imp__GetCurrentThreadId@0 0041a25c     kernel32:KERNEL32.dll
 0005:00000260       __imp__GetTickCount@0      0041a260     kernel32:KERNEL32.dll
 0005:00000264       __imp__QueryPerformanceCounter@4 0041a264     kernel32:KERNEL32.dll
 0005:00000268       __imp__lstrlenA@4          0041a268     kernel32:KERNEL32.dll
 0005:0000026c       __imp__MultiByteToWideChar@24 0041a26c     kernel32:KERNEL32.dll
 0005:00000270       __imp__WideCharToMultiByte@32 0041a270     kernel32:KERNEL32.dll
 0005:00000274       __imp__DebugBreak@0        0041a274     kernel32:KERNEL32.dll
 0005:00000278       __imp__RaiseException@16   0041a278     kernel32:KERNEL32.dll
 0005:0000027c       __imp__IsDebuggerPresent@0 0041a27c     kernel32:KERNEL32.dll
 0005:00000280       __imp__SetUnhandledExceptionFilter@4 0041a280     kernel32:KERNEL32.dll
 0005:00000284       __imp__UnhandledExceptionFilter@4 0041a284     kernel32:KERNEL32.dll
 0005:00000288       __imp__GetCurrentProcess@0 0041a288     kernel32:KERNEL32.dll
 0005:0000028c       __imp__TerminateProcess@8  0041a28c     kernel32:KERNEL32.dll
 0005:00000290       __imp__InterlockedCompareExchange@12 0041a290     kernel32:KERNEL32.dll
 0005:00000294       __imp__Sleep@4             0041a294     kernel32:KERNEL32.dll
 0005:00000298       __imp__InterlockedExchange@8 0041a298     kernel32:KERNEL32.dll
 0005:0000029c       __imp__FreeLibrary@4       0041a29c     kernel32:KERNEL32.dll
 0005:000002a0       \177KERNEL32_NULL_THUNK_DATA 0041a2a0     kernel32:KERNEL32.dll
 0005:000002e8       __imp___crt_debugger_hook  0041a2e8     MSVCRTD:MSVCR90D.dll
 0005:000002ec       __imp_?terminate@@YAXXZ    0041a2ec     MSVCRTD:MSVCR90D.dll
 0005:000002f0       __imp___controlfp_s        0041a2f0     MSVCRTD:MSVCR90D.dll
 0005:000002f4       __imp___invoke_watson      0041a2f4     MSVCRTD:MSVCR90D.dll
 0005:000002f8       __imp___unlock             0041a2f8     MSVCRTD:MSVCR90D.dll
 0005:000002fc       __imp____dllonexit         0041a2fc     MSVCRTD:MSVCR90D.dll
 0005:00000300       __imp___lock               0041a300     MSVCRTD:MSVCR90D.dll
 0005:00000304       __imp___onexit             0041a304     MSVCRTD:MSVCR90D.dll
 0005:00000308       __imp___decode_pointer     0041a308     MSVCRTD:MSVCR90D.dll
 0005:0000030c       __imp___except_handler4_common 0041a30c     MSVCRTD:MSVCR90D.dll
 0005:00000310       __imp___initterm_e         0041a310     MSVCRTD:MSVCR90D.dll
 0005:00000314       __imp___initterm           0041a314     MSVCRTD:MSVCR90D.dll
 0005:00000318       __imp___CrtDbgReportW      0041a318     MSVCRTD:MSVCR90D.dll
 0005:0000031c       __imp___CrtSetCheckCount   0041a31c     MSVCRTD:MSVCR90D.dll
 0005:00000320       __imp____winitenv          0041a320     MSVCRTD:MSVCR90D.dll
 0005:00000324       __imp__exit                0041a324     MSVCRTD:MSVCR90D.dll
 0005:00000328       __imp___cexit              0041a328     MSVCRTD:MSVCR90D.dll
 0005:0000032c       __imp___XcptFilter         0041a32c     MSVCRTD:MSVCR90D.dll
 0005:00000330       __imp___exit               0041a330     MSVCRTD:MSVCR90D.dll
 0005:00000334       __imp____wgetmainargs      0041a334     MSVCRTD:MSVCR90D.dll
 0005:00000338       __imp___amsg_exit          0041a338     MSVCRTD:MSVCR90D.dll
 0005:0000033c       __imp____set_app_type      0041a33c     MSVCRTD:MSVCR90D.dll
 0005:00000340       __imp___encode_pointer     0041a340     MSVCRTD:MSVCR90D.dll
 0005:00000344       __imp____p__fmode          0041a344     MSVCRTD:MSVCR90D.dll
 0005:00000348       __imp____p__commode        0041a348     MSVCRTD:MSVCR90D.dll
 0005:0000034c       __imp___adjust_fdiv        0041a34c     MSVCRTD:MSVCR90D.dll
 0005:00000350       __imp____setusermatherr    0041a350     MSVCRTD:MSVCR90D.dll
 0005:00000354       __imp___configthreadlocale 0041a354     MSVCRTD:MSVCR90D.dll
 0005:00000358       __imp___CRT_RTC_INITW      0041a358     MSVCRTD:MSVCR90D.dll
 0005:0000035c       __imp___vsnwprintf         0041a35c     MSVCRTD:MSVCR90D.dll
 0005:00000360       __imp__memset              0041a360     MSVCRTD:MSVCR90D.dll
 0005:00000364       \177MSVCR90D_NULL_THUNK_DATA 0041a364     MSVCRTD:MSVCR90D.dll
 0005:000003a8       __imp__MessageBoxW@16      0041a3a8     user32:USER32.dll
 0005:000003ac       \177USER32_NULL_THUNK_DATA 0041a3ac     user32:USER32.dll

 entry point at        0002:000000a0

